=== Bienvenue dans AI-OS v4.0 ===
Systeme complet avec espace utilisateur

Multiboot detecte correctement.
Initialisation des interruptions...
Initialisation du systeme d'interruptions...
IRQ timer et clavier demmasques et actifs.
Systeme d'interruptions initialise.
Initialisation du clavier PS/2...
KBD: Desactivation des ports PS/2...
KBD: Vidage du buffer de sortie...
KBD: Buffer vide.
KBD: Configuration du controleur...
KBD: Config actuelle: 0x71
KBD: Nouvelle configuration appliquee.
KBD: Activation du premier port...
KBD: Reset du clavier...
KBD: scancode=0xFA
KBD: key release ignored
KBD: scancode=0xAA
KBD: key release ignored
Timer: Attente avant activation du scheduler...
Timer: Attente avant activation du scheduler...
KBD: Timeout en attente de l'ACK.
PS/2 Keyboard initialise et pret.
Interruptions initialisees.
Initialisation de la gestion memoire...
Physical Memory Manager initialise.
Virtual Memory Manager initialise.
Initrd trouve ! Initialisation...
Parsing initrd TAR archive...
Initrd initialized: 9 files found
Initialisation du systeme de taches...
Tache kernel creee.
Initialisation des appels systeme...
Initialisation des appels systeme...
Appels systeme initialises.
Creation des taches kernel de demonstration... DESACTIVE
Mode mono-tache pour stabilite maximale.
PHASE 2: Timer reactive pour interruptions clavier...
Timer reactive - Interruptions clavier fonctionnelles.
Lancement du shell interactif AI-OS...
Shell trouve ! Chargement...
Shell trouve. Preparation du lancement...

Lancement du Shell Utilisateur...
create_user_vmm_directory: start
ELF Loader: Starting...
  - Segment: vaddr=0x0x3ffff000, memsz=0x0x000000d4, perms=R-
  - Segment: vaddr=0x0x40000000, memsz=0x0x00002381, perms=R-
  - Segment: vaddr=0x0x40003000, memsz=0x0x00001f18, perms=R-
  - Segment: vaddr=0x0x40006000, memsz=0x0x0000000c, perms=RW
ELF loading complete. Entry point: 0x0x40002371
Allocating user stack...
User stack allocated at 0x0xafff0000 - 0x0xb0000000
User context setup complete. EIP=0x0x40002371, ESP=0x0xb0000000
Tache utilisateur creee avec succes
Tache shell prete. Demarrage du timer...
Initialisation du timer materiel...
Timer materiel active pour le scheduler.

=== AI-OS v6.0 - Attente du premier changement de contexte ===
Le planificateur va maintenant prendre le relais.
Timer: Attente avant activation du scheduler...
Timer: Attente avant activation du scheduler...
Timer: Attente avant activation du scheduler...
Timer: Attente avant activation du scheduler...
Timer: Attente avant activation du scheduler...
Timer: Attente avant activation du scheduler...
Timer: Attente avant activation du scheduler...
Timer: Attente avant activation du scheduler...
[2J[H[36m═══════════════════════════════════════════════════════════
[0m[1m    🤖 AI-OS v6.0 - Intelligence Artificielle Intégrée    
[0m[36m═══════════════════════════════════════════════════════════
[0m[32m💻 Shell Avancé[0m | [35m🧠 IA Intelligente[0m | [33m⚡ Haute Performance
[0m
[34m[INFO] [0mTapez 'help' pour voir toutes les commandes disponibles
[34m[INFO] [0mMode IA activé - Posez vos questions directement !

[36m🚀 Initialisation du Shell IA...[0m... [32mTERMINÉ !

[0m[32m[OK] [0mShell AI-OS v6.0 prêt à l'utilisation
[34m[INFO] [0mMode IA activé - Intelligence artificielle intégrée
[34m[INFO] [0mTapez 'help' pour découvrir toutes les fonctionnalités

[36m┌─[[0m[1mAI-OS[0m[37m@[0m[33mv6.0[0m[36m][0m[35m 🧠[0m[36m
└─$ [0mSYS_GETS: Debut de la lecture...
SYS_GETS: Pas de ligne prete. Mise en attente de la tache...
SYS_GETS: Tache mise en attente. Cession du CPU...
